Archive member included to satisfy reference by file (symbol)

/home/zee/.platformio/packages/toolchain-gccarmnoneeabi@1.70201.0/bin/../lib/gcc/arm-none-eabi/7.2.1/../../../../arm-none-eabi/lib/thumb/v7e-m/libc_nano.a(lib_a-exit.o)
                              /home/zee/.platformio/packages/toolchain-gccarmnoneeabi@1.70201.0/bin/../lib/gcc/arm-none-eabi/7.2.1/../../../../arm-none-eabi/lib/thumb/v7e-m/crt0.o (exit)
/home/zee/.platformio/packages/toolchain-gccarmnoneeabi@1.70201.0/bin/../lib/gcc/arm-none-eabi/7.2.1/../../../../arm-none-eabi/lib/thumb/v7e-m/libc_nano.a(lib_a-impure.o)
                              /home/zee/.platformio/packages/toolchain-gccarmnoneeabi@1.70201.0/bin/../lib/gcc/arm-none-eabi/7.2.1/../../../../arm-none-eabi/lib/thumb/v7e-m/libc_nano.a(lib_a-exit.o) (_global_impure_ptr)
/home/zee/.platformio/packages/toolchain-gccarmnoneeabi@1.70201.0/bin/../lib/gcc/arm-none-eabi/7.2.1/../../../../arm-none-eabi/lib/thumb/v7e-m/libc_nano.a(lib_a-init.o)
                              /home/zee/.platformio/packages/toolchain-gccarmnoneeabi@1.70201.0/bin/../lib/gcc/arm-none-eabi/7.2.1/../../../../arm-none-eabi/lib/thumb/v7e-m/crt0.o (__libc_init_array)
/home/zee/.platformio/packages/toolchain-gccarmnoneeabi@1.70201.0/bin/../lib/gcc/arm-none-eabi/7.2.1/../../../../arm-none-eabi/lib/thumb/v7e-m/libc_nano.a(lib_a-memset.o)
                              /home/zee/.platformio/packages/toolchain-gccarmnoneeabi@1.70201.0/bin/../lib/gcc/arm-none-eabi/7.2.1/../../../../arm-none-eabi/lib/thumb/v7e-m/crt0.o (memset)
/home/zee/.platformio/packages/toolchain-gccarmnoneeabi@1.70201.0/bin/../lib/gcc/arm-none-eabi/7.2.1/../../../../arm-none-eabi/lib/thumb/v7e-m/libnosys.a(_exit.o)
                              /home/zee/.platformio/packages/toolchain-gccarmnoneeabi@1.70201.0/bin/../lib/gcc/arm-none-eabi/7.2.1/../../../../arm-none-eabi/lib/thumb/v7e-m/libc_nano.a(lib_a-exit.o) (_exit)

Discarded input sections

 .text          0x0000000000000000        0x0 /home/zee/.platformio/packages/toolchain-gccarmnoneeabi@1.70201.0/bin/../lib/gcc/arm-none-eabi/7.2.1/thumb/v7e-m/crti.o
 .data          0x0000000000000000        0x0 /home/zee/.platformio/packages/toolchain-gccarmnoneeabi@1.70201.0/bin/../lib/gcc/arm-none-eabi/7.2.1/thumb/v7e-m/crti.o
 .bss           0x0000000000000000        0x0 /home/zee/.platformio/packages/toolchain-gccarmnoneeabi@1.70201.0/bin/../lib/gcc/arm-none-eabi/7.2.1/thumb/v7e-m/crti.o
 .data          0x0000000000000000        0x4 /home/zee/.platformio/packages/toolchain-gccarmnoneeabi@1.70201.0/bin/../lib/gcc/arm-none-eabi/7.2.1/thumb/v7e-m/crtbegin.o
 .text          0x0000000000000000       0x74 /home/zee/.platformio/packages/toolchain-gccarmnoneeabi@1.70201.0/bin/../lib/gcc/arm-none-eabi/7.2.1/../../../../arm-none-eabi/lib/thumb/v7e-m/crt0.o
 .data          0x0000000000000000        0x0 /home/zee/.platformio/packages/toolchain-gccarmnoneeabi@1.70201.0/bin/../lib/gcc/arm-none-eabi/7.2.1/../../../../arm-none-eabi/lib/thumb/v7e-m/crt0.o
 .bss           0x0000000000000000        0x0 /home/zee/.platformio/packages/toolchain-gccarmnoneeabi@1.70201.0/bin/../lib/gcc/arm-none-eabi/7.2.1/../../../../arm-none-eabi/lib/thumb/v7e-m/crt0.o
 .ARM.extab     0x0000000000000000        0x0 /home/zee/.platformio/packages/toolchain-gccarmnoneeabi@1.70201.0/bin/../lib/gcc/arm-none-eabi/7.2.1/../../../../arm-none-eabi/lib/thumb/v7e-m/crt0.o
 .ARM.exidx     0x0000000000000000        0x8 /home/zee/.platformio/packages/toolchain-gccarmnoneeabi@1.70201.0/bin/../lib/gcc/arm-none-eabi/7.2.1/../../../../arm-none-eabi/lib/thumb/v7e-m/crt0.o
 .ARM.attributes
                0x0000000000000000       0x1c /home/zee/.platformio/packages/toolchain-gccarmnoneeabi@1.70201.0/bin/../lib/gcc/arm-none-eabi/7.2.1/../../../../arm-none-eabi/lib/thumb/v7e-m/crt0.o
 .text          0x0000000000000000       0x14 .pio/build/genericSTM32F401CC/FrameworkCMSIS/gcc/startup_stm32f401xc.o
 .data          0x0000000000000000        0x0 .pio/build/genericSTM32F401CC/FrameworkCMSIS/gcc/startup_stm32f401xc.o
 .bss           0x0000000000000000        0x0 .pio/build/genericSTM32F401CC/FrameworkCMSIS/gcc/startup_stm32f401xc.o
 .text          0x0000000000000000        0x0 .pio/build/genericSTM32F401CC/FrameworkCMSIS/system_stm32f4xx.o
 .data          0x0000000000000000        0x0 .pio/build/genericSTM32F401CC/FrameworkCMSIS/system_stm32f4xx.o
 .bss           0x0000000000000000        0x0 .pio/build/genericSTM32F401CC/FrameworkCMSIS/system_stm32f4xx.o
 .text.SystemCoreClockUpdate
                0x0000000000000000       0xa0 .pio/build/genericSTM32F401CC/FrameworkCMSIS/system_stm32f4xx.o
 .data.SystemCoreClock
                0x0000000000000000        0x4 .pio/build/genericSTM32F401CC/FrameworkCMSIS/system_stm32f4xx.o
 .rodata.AHBPrescTable
                0x0000000000000000       0x10 .pio/build/genericSTM32F401CC/FrameworkCMSIS/system_stm32f4xx.o
 .rodata.APBPrescTable
                0x0000000000000000        0x8 .pio/build/genericSTM32F401CC/FrameworkCMSIS/system_stm32f4xx.o
 .text          0x0000000000000000        0x0 .pio/build/genericSTM32F401CC/src/main.o
 .data          0x0000000000000000        0x0 .pio/build/genericSTM32F401CC/src/main.o
 .bss           0x0000000000000000        0x0 .pio/build/genericSTM32F401CC/src/main.o
 .text          0x0000000000000000        0x0 /home/zee/.platformio/packages/toolchain-gccarmnoneeabi@1.70201.0/bin/../lib/gcc/arm-none-eabi/7.2.1/../../../../arm-none-eabi/lib/thumb/v7e-m/libc_nano.a(lib_a-exit.o)
 .data          0x0000000000000000        0x0 /home/zee/.platformio/packages/toolchain-gccarmnoneeabi@1.70201.0/bin/../lib/gcc/arm-none-eabi/7.2.1/../../../../arm-none-eabi/lib/thumb/v7e-m/libc_nano.a(lib_a-exit.o)
 .bss           0x0000000000000000        0x0 /home/zee/.platformio/packages/toolchain-gccarmnoneeabi@1.70201.0/bin/../lib/gcc/arm-none-eabi/7.2.1/../../../../arm-none-eabi/lib/thumb/v7e-m/libc_nano.a(lib_a-exit.o)
 .text.exit     0x0000000000000000       0x28 /home/zee/.platformio/packages/toolchain-gccarmnoneeabi@1.70201.0/bin/../lib/gcc/arm-none-eabi/7.2.1/../../../../arm-none-eabi/lib/thumb/v7e-m/libc_nano.a(lib_a-exit.o)
 .debug_frame   0x0000000000000000       0x28 /home/zee/.platformio/packages/toolchain-gccarmnoneeabi@1.70201.0/bin/../lib/gcc/arm-none-eabi/7.2.1/../../../../arm-none-eabi/lib/thumb/v7e-m/libc_nano.a(lib_a-exit.o)
 .ARM.attributes
                0x0000000000000000       0x2e /home/zee/.platformio/packages/toolchain-gccarmnoneeabi@1.70201.0/bin/../lib/gcc/arm-none-eabi/7.2.1/../../../../arm-none-eabi/lib/thumb/v7e-m/libc_nano.a(lib_a-exit.o)
 .text          0x0000000000000000        0x0 /home/zee/.platformio/packages/toolchain-gccarmnoneeabi@1.70201.0/bin/../lib/gcc/arm-none-eabi/7.2.1/../../../../arm-none-eabi/lib/thumb/v7e-m/libc_nano.a(lib_a-impure.o)
 .data          0x0000000000000000        0x0 /home/zee/.platformio/packages/toolchain-gccarmnoneeabi@1.70201.0/bin/../lib/gcc/arm-none-eabi/7.2.1/../../../../arm-none-eabi/lib/thumb/v7e-m/libc_nano.a(lib_a-impure.o)
 .bss           0x0000000000000000        0x0 /home/zee/.platformio/packages/toolchain-gccarmnoneeabi@1.70201.0/bin/../lib/gcc/arm-none-eabi/7.2.1/../../../../arm-none-eabi/lib/thumb/v7e-m/libc_nano.a(lib_a-impure.o)
 .data._impure_ptr
                0x0000000000000000        0x4 /home/zee/.platformio/packages/toolchain-gccarmnoneeabi@1.70201.0/bin/../lib/gcc/arm-none-eabi/7.2.1/../../../../arm-none-eabi/lib/thumb/v7e-m/libc_nano.a(lib_a-impure.o)
 .data.impure_data
                0x0000000000000000       0x60 /home/zee/.platformio/packages/toolchain-gccarmnoneeabi@1.70201.0/bin/../lib/gcc/arm-none-eabi/7.2.1/../../../../arm-none-eabi/lib/thumb/v7e-m/libc_nano.a(lib_a-impure.o)
 .rodata._global_impure_ptr
                0x0000000000000000        0x4 /home/zee/.platformio/packages/toolchain-gccarmnoneeabi@1.70201.0/bin/../lib/gcc/arm-none-eabi/7.2.1/../../../../arm-none-eabi/lib/thumb/v7e-m/libc_nano.a(lib_a-impure.o)
 .ARM.attributes
                0x0000000000000000       0x2e /home/zee/.platformio/packages/toolchain-gccarmnoneeabi@1.70201.0/bin/../lib/gcc/arm-none-eabi/7.2.1/../../../../arm-none-eabi/lib/thumb/v7e-m/libc_nano.a(lib_a-impure.o)
 .text          0x0000000000000000        0x0 /home/zee/.platformio/packages/toolchain-gccarmnoneeabi@1.70201.0/bin/../lib/gcc/arm-none-eabi/7.2.1/../../../../arm-none-eabi/lib/thumb/v7e-m/libc_nano.a(lib_a-init.o)
 .data          0x0000000000000000        0x0 /home/zee/.platformio/packages/toolchain-gccarmnoneeabi@1.70201.0/bin/../lib/gcc/arm-none-eabi/7.2.1/../../../../arm-none-eabi/lib/thumb/v7e-m/libc_nano.a(lib_a-init.o)
 .bss           0x0000000000000000        0x0 /home/zee/.platformio/packages/toolchain-gccarmnoneeabi@1.70201.0/bin/../lib/gcc/arm-none-eabi/7.2.1/../../../../arm-none-eabi/lib/thumb/v7e-m/libc_nano.a(lib_a-init.o)
 .text          0x0000000000000000        0x0 /home/zee/.platformio/packages/toolchain-gccarmnoneeabi@1.70201.0/bin/../lib/gcc/arm-none-eabi/7.2.1/../../../../arm-none-eabi/lib/thumb/v7e-m/libc_nano.a(lib_a-memset.o)
 .data          0x0000000000000000        0x0 /home/zee/.platformio/packages/toolchain-gccarmnoneeabi@1.70201.0/bin/../lib/gcc/arm-none-eabi/7.2.1/../../../../arm-none-eabi/lib/thumb/v7e-m/libc_nano.a(lib_a-memset.o)
 .bss           0x0000000000000000        0x0 /home/zee/.platformio/packages/toolchain-gccarmnoneeabi@1.70201.0/bin/../lib/gcc/arm-none-eabi/7.2.1/../../../../arm-none-eabi/lib/thumb/v7e-m/libc_nano.a(lib_a-memset.o)
 .text.memset   0x0000000000000000       0x10 /home/zee/.platformio/packages/toolchain-gccarmnoneeabi@1.70201.0/bin/../lib/gcc/arm-none-eabi/7.2.1/../../../../arm-none-eabi/lib/thumb/v7e-m/libc_nano.a(lib_a-memset.o)
 .debug_frame   0x0000000000000000       0x20 /home/zee/.platformio/packages/toolchain-gccarmnoneeabi@1.70201.0/bin/../lib/gcc/arm-none-eabi/7.2.1/../../../../arm-none-eabi/lib/thumb/v7e-m/libc_nano.a(lib_a-memset.o)
 .ARM.attributes
                0x0000000000000000       0x2e /home/zee/.platformio/packages/toolchain-gccarmnoneeabi@1.70201.0/bin/../lib/gcc/arm-none-eabi/7.2.1/../../../../arm-none-eabi/lib/thumb/v7e-m/libc_nano.a(lib_a-memset.o)
 .text          0x0000000000000000        0x0 /home/zee/.platformio/packages/toolchain-gccarmnoneeabi@1.70201.0/bin/../lib/gcc/arm-none-eabi/7.2.1/../../../../arm-none-eabi/lib/thumb/v7e-m/libnosys.a(_exit.o)
 .data          0x0000000000000000        0x0 /home/zee/.platformio/packages/toolchain-gccarmnoneeabi@1.70201.0/bin/../lib/gcc/arm-none-eabi/7.2.1/../../../../arm-none-eabi/lib/thumb/v7e-m/libnosys.a(_exit.o)
 .bss           0x0000000000000000        0x0 /home/zee/.platformio/packages/toolchain-gccarmnoneeabi@1.70201.0/bin/../lib/gcc/arm-none-eabi/7.2.1/../../../../arm-none-eabi/lib/thumb/v7e-m/libnosys.a(_exit.o)
 .text._exit    0x0000000000000000        0x4 /home/zee/.platformio/packages/toolchain-gccarmnoneeabi@1.70201.0/bin/../lib/gcc/arm-none-eabi/7.2.1/../../../../arm-none-eabi/lib/thumb/v7e-m/libnosys.a(_exit.o)
 .debug_frame   0x0000000000000000       0x20 /home/zee/.platformio/packages/toolchain-gccarmnoneeabi@1.70201.0/bin/../lib/gcc/arm-none-eabi/7.2.1/../../../../arm-none-eabi/lib/thumb/v7e-m/libnosys.a(_exit.o)
 .ARM.attributes
                0x0000000000000000       0x2e /home/zee/.platformio/packages/toolchain-gccarmnoneeabi@1.70201.0/bin/../lib/gcc/arm-none-eabi/7.2.1/../../../../arm-none-eabi/lib/thumb/v7e-m/libnosys.a(_exit.o)
 .text          0x0000000000000000        0x0 /home/zee/.platformio/packages/toolchain-gccarmnoneeabi@1.70201.0/bin/../lib/gcc/arm-none-eabi/7.2.1/thumb/v7e-m/crtend.o
 .data          0x0000000000000000        0x0 /home/zee/.platformio/packages/toolchain-gccarmnoneeabi@1.70201.0/bin/../lib/gcc/arm-none-eabi/7.2.1/thumb/v7e-m/crtend.o
 .bss           0x0000000000000000        0x0 /home/zee/.platformio/packages/toolchain-gccarmnoneeabi@1.70201.0/bin/../lib/gcc/arm-none-eabi/7.2.1/thumb/v7e-m/crtend.o
 .eh_frame      0x0000000000000000        0x4 /home/zee/.platformio/packages/toolchain-gccarmnoneeabi@1.70201.0/bin/../lib/gcc/arm-none-eabi/7.2.1/thumb/v7e-m/crtend.o
 .ARM.attributes
                0x0000000000000000       0x2e /home/zee/.platformio/packages/toolchain-gccarmnoneeabi@1.70201.0/bin/../lib/gcc/arm-none-eabi/7.2.1/thumb/v7e-m/crtend.o
 .text          0x0000000000000000        0x0 /home/zee/.platformio/packages/toolchain-gccarmnoneeabi@1.70201.0/bin/../lib/gcc/arm-none-eabi/7.2.1/thumb/v7e-m/crtn.o
 .data          0x0000000000000000        0x0 /home/zee/.platformio/packages/toolchain-gccarmnoneeabi@1.70201.0/bin/../lib/gcc/arm-none-eabi/7.2.1/thumb/v7e-m/crtn.o
 .bss           0x0000000000000000        0x0 /home/zee/.platformio/packages/toolchain-gccarmnoneeabi@1.70201.0/bin/../lib/gcc/arm-none-eabi/7.2.1/thumb/v7e-m/crtn.o

Memory Configuration

Name             Origin             Length             Attributes
RAM              0x0000000020000000 0x0000000000010000 xrw
FLASH            0x0000000008000000 0x0000000000040000 xr
LED_CFG          0x0000000020001000 0x0000000000000008 xrw
*default*        0x0000000000000000 0xffffffffffffffff

Linker script and memory map

LOAD /home/zee/.platformio/packages/toolchain-gccarmnoneeabi@1.70201.0/bin/../lib/gcc/arm-none-eabi/7.2.1/thumb/v7e-m/crti.o
LOAD /home/zee/.platformio/packages/toolchain-gccarmnoneeabi@1.70201.0/bin/../lib/gcc/arm-none-eabi/7.2.1/thumb/v7e-m/crtbegin.o
LOAD /home/zee/.platformio/packages/toolchain-gccarmnoneeabi@1.70201.0/bin/../lib/gcc/arm-none-eabi/7.2.1/../../../../arm-none-eabi/lib/thumb/v7e-m/crt0.o
LOAD .pio/build/genericSTM32F401CC/FrameworkCMSIS/gcc/startup_stm32f401xc.o
LOAD .pio/build/genericSTM32F401CC/FrameworkCMSIS/system_stm32f4xx.o
LOAD .pio/build/genericSTM32F401CC/src/main.o
START GROUP
LOAD /home/zee/.platformio/packages/toolchain-gccarmnoneeabi@1.70201.0/bin/../lib/gcc/arm-none-eabi/7.2.1/../../../../arm-none-eabi/lib/thumb/v7e-m/libc_nano.a
LOAD /home/zee/.platformio/packages/toolchain-gccarmnoneeabi@1.70201.0/bin/../lib/gcc/arm-none-eabi/7.2.1/thumb/v7e-m/libgcc.a
LOAD /home/zee/.platformio/packages/toolchain-gccarmnoneeabi@1.70201.0/bin/../lib/gcc/arm-none-eabi/7.2.1/../../../../arm-none-eabi/lib/thumb/v7e-m/libm.a
LOAD /home/zee/.platformio/packages/toolchain-gccarmnoneeabi@1.70201.0/bin/../lib/gcc/arm-none-eabi/7.2.1/../../../../arm-none-eabi/lib/thumb/v7e-m/libstdc++_nano.a
END GROUP
START GROUP
LOAD /home/zee/.platformio/packages/toolchain-gccarmnoneeabi@1.70201.0/bin/../lib/gcc/arm-none-eabi/7.2.1/thumb/v7e-m/libgcc.a
LOAD /home/zee/.platformio/packages/toolchain-gccarmnoneeabi@1.70201.0/bin/../lib/gcc/arm-none-eabi/7.2.1/../../../../arm-none-eabi/lib/thumb/v7e-m/libg_nano.a
LOAD /home/zee/.platformio/packages/toolchain-gccarmnoneeabi@1.70201.0/bin/../lib/gcc/arm-none-eabi/7.2.1/../../../../arm-none-eabi/lib/thumb/v7e-m/libc_nano.a
END GROUP
START GROUP
LOAD /home/zee/.platformio/packages/toolchain-gccarmnoneeabi@1.70201.0/bin/../lib/gcc/arm-none-eabi/7.2.1/thumb/v7e-m/libgcc.a
LOAD /home/zee/.platformio/packages/toolchain-gccarmnoneeabi@1.70201.0/bin/../lib/gcc/arm-none-eabi/7.2.1/../../../../arm-none-eabi/lib/thumb/v7e-m/libc_nano.a
LOAD /home/zee/.platformio/packages/toolchain-gccarmnoneeabi@1.70201.0/bin/../lib/gcc/arm-none-eabi/7.2.1/../../../../arm-none-eabi/lib/thumb/v7e-m/libnosys.a
END GROUP
START GROUP
LOAD /home/zee/.platformio/packages/toolchain-gccarmnoneeabi@1.70201.0/bin/../lib/gcc/arm-none-eabi/7.2.1/thumb/v7e-m/libgcc.a
LOAD /home/zee/.platformio/packages/toolchain-gccarmnoneeabi@1.70201.0/bin/../lib/gcc/arm-none-eabi/7.2.1/../../../../arm-none-eabi/lib/thumb/v7e-m/libc_nano.a
LOAD /home/zee/.platformio/packages/toolchain-gccarmnoneeabi@1.70201.0/bin/../lib/gcc/arm-none-eabi/7.2.1/../../../../arm-none-eabi/lib/thumb/v7e-m/libnosys.a
END GROUP
LOAD /home/zee/.platformio/packages/toolchain-gccarmnoneeabi@1.70201.0/bin/../lib/gcc/arm-none-eabi/7.2.1/thumb/v7e-m/crtend.o
LOAD /home/zee/.platformio/packages/toolchain-gccarmnoneeabi@1.70201.0/bin/../lib/gcc/arm-none-eabi/7.2.1/thumb/v7e-m/crtn.o
                0x0000000020010000                _estack = (ORIGIN (RAM) + LENGTH (RAM))
                0x0000000000000200                _Min_Heap_Size = 0x200
                0x0000000000000400                _Min_Stack_Size = 0x400

.isr_vector     0x0000000008000000      0x194
                0x0000000008000000                . = ALIGN (0x4)
 *(.isr_vector)
 .isr_vector    0x0000000008000000      0x194 .pio/build/genericSTM32F401CC/FrameworkCMSIS/gcc/startup_stm32f401xc.o
                0x0000000008000000                g_pfnVectors
                0x0000000008000194                . = ALIGN (0x4)

.text           0x0000000008000194      0x114
                0x0000000008000194                . = ALIGN (0x4)
 *(.text)
 .text          0x0000000008000194       0x40 /home/zee/.platformio/packages/toolchain-gccarmnoneeabi@1.70201.0/bin/../lib/gcc/arm-none-eabi/7.2.1/thumb/v7e-m/crtbegin.o
 *(.text*)
 .text.Reset_Handler
                0x00000000080001d4       0x50 .pio/build/genericSTM32F401CC/FrameworkCMSIS/gcc/startup_stm32f401xc.o
                0x00000000080001d4                Reset_Handler
 .text.Default_Handler
                0x0000000008000224        0x2 .pio/build/genericSTM32F401CC/FrameworkCMSIS/gcc/startup_stm32f401xc.o
                0x0000000008000224                RTC_Alarm_IRQHandler
                0x0000000008000224                EXTI2_IRQHandler
                0x0000000008000224                DebugMon_Handler
                0x0000000008000224                SPI4_IRQHandler
                0x0000000008000224                TIM1_CC_IRQHandler
                0x0000000008000224                DMA2_Stream5_IRQHandler
                0x0000000008000224                HardFault_Handler
                0x0000000008000224                DMA1_Stream5_IRQHandler
                0x0000000008000224                SysTick_Handler
                0x0000000008000224                PVD_IRQHandler
                0x0000000008000224                SDIO_IRQHandler
                0x0000000008000224                TAMP_STAMP_IRQHandler
                0x0000000008000224                PendSV_Handler
                0x0000000008000224                NMI_Handler
                0x0000000008000224                EXTI3_IRQHandler
                0x0000000008000224                TIM1_UP_TIM10_IRQHandler
                0x0000000008000224                I2C3_ER_IRQHandler
                0x0000000008000224                EXTI0_IRQHandler
                0x0000000008000224                I2C2_EV_IRQHandler
                0x0000000008000224                DMA1_Stream2_IRQHandler
                0x0000000008000224                FPU_IRQHandler
                0x0000000008000224                UsageFault_Handler
                0x0000000008000224                DMA2_Stream2_IRQHandler
                0x0000000008000224                SPI1_IRQHandler
                0x0000000008000224                TIM1_BRK_TIM9_IRQHandler
                0x0000000008000224                DMA2_Stream3_IRQHandler
                0x0000000008000224                USART6_IRQHandler
                0x0000000008000224                DMA2_Stream0_IRQHandler
                0x0000000008000224                TIM4_IRQHandler
                0x0000000008000224                I2C1_EV_IRQHandler
                0x0000000008000224                DMA1_Stream6_IRQHandler
                0x0000000008000224                DMA1_Stream1_IRQHandler
                0x0000000008000224                TIM3_IRQHandler
                0x0000000008000224                RCC_IRQHandler
                0x0000000008000224                Default_Handler
                0x0000000008000224                EXTI15_10_IRQHandler
                0x0000000008000224                ADC_IRQHandler
                0x0000000008000224                DMA1_Stream7_IRQHandler
                0x0000000008000224                TIM5_IRQHandler
                0x0000000008000224                DMA2_Stream7_IRQHandler
                0x0000000008000224                I2C3_EV_IRQHandler
                0x0000000008000224                EXTI9_5_IRQHandler
                0x0000000008000224                RTC_WKUP_IRQHandler
                0x0000000008000224                SPI2_IRQHandler
                0x0000000008000224                MemManage_Handler
                0x0000000008000224                DMA1_Stream0_IRQHandler
                0x0000000008000224                SVC_Handler
                0x0000000008000224                EXTI4_IRQHandler
                0x0000000008000224                WWDG_IRQHandler
                0x0000000008000224                TIM2_IRQHandler
                0x0000000008000224                OTG_FS_WKUP_IRQHandler
                0x0000000008000224                TIM1_TRG_COM_TIM11_IRQHandler
                0x0000000008000224                EXTI1_IRQHandler
                0x0000000008000224                USART2_IRQHandler
                0x0000000008000224                I2C2_ER_IRQHandler
                0x0000000008000224                DMA2_Stream1_IRQHandler
                0x0000000008000224                FLASH_IRQHandler
                0x0000000008000224                DMA2_Stream4_IRQHandler
                0x0000000008000224                BusFault_Handler
                0x0000000008000224                USART1_IRQHandler
                0x0000000008000224                OTG_FS_IRQHandler
                0x0000000008000224                SPI3_IRQHandler
                0x0000000008000224                DMA1_Stream4_IRQHandler
                0x0000000008000224                I2C1_ER_IRQHandler
                0x0000000008000224                DMA2_Stream6_IRQHandler
                0x0000000008000224                DMA1_Stream3_IRQHandler
 .text.SystemInit
                0x0000000008000226        0x2 .pio/build/genericSTM32F401CC/FrameworkCMSIS/system_stm32f4xx.o
                0x0000000008000226                SystemInit
 .text.main     0x0000000008000228       0x20 .pio/build/genericSTM32F401CC/src/main.o
                0x0000000008000228                main
 .text.__libc_init_array
                0x0000000008000248       0x48 /home/zee/.platformio/packages/toolchain-gccarmnoneeabi@1.70201.0/bin/../lib/gcc/arm-none-eabi/7.2.1/../../../../arm-none-eabi/lib/thumb/v7e-m/libc_nano.a(lib_a-init.o)
                0x0000000008000248                __libc_init_array
 *(.glue_7)
 .glue_7        0x0000000008000290        0x0 linker stubs
 *(.glue_7t)
 .glue_7t       0x0000000008000290        0x0 linker stubs
 *(.eh_frame)
 .eh_frame      0x0000000008000290        0x0 /home/zee/.platformio/packages/toolchain-gccarmnoneeabi@1.70201.0/bin/../lib/gcc/arm-none-eabi/7.2.1/thumb/v7e-m/crtbegin.o
 *(.init)
 .init          0x0000000008000290        0x4 /home/zee/.platformio/packages/toolchain-gccarmnoneeabi@1.70201.0/bin/../lib/gcc/arm-none-eabi/7.2.1/thumb/v7e-m/crti.o
                0x0000000008000290                _init
 .init          0x0000000008000294        0x8 /home/zee/.platformio/packages/toolchain-gccarmnoneeabi@1.70201.0/bin/../lib/gcc/arm-none-eabi/7.2.1/thumb/v7e-m/crtn.o
 *(.fini)
 .fini          0x000000000800029c        0x4 /home/zee/.platformio/packages/toolchain-gccarmnoneeabi@1.70201.0/bin/../lib/gcc/arm-none-eabi/7.2.1/thumb/v7e-m/crti.o
                0x000000000800029c                _fini
 .fini          0x00000000080002a0        0x8 /home/zee/.platformio/packages/toolchain-gccarmnoneeabi@1.70201.0/bin/../lib/gcc/arm-none-eabi/7.2.1/thumb/v7e-m/crtn.o
                0x00000000080002a8                . = ALIGN (0x4)
                0x00000000080002a8                _etext = .

.vfp11_veneer   0x00000000080002a8        0x0
 .vfp11_veneer  0x00000000080002a8        0x0 linker stubs

.v4_bx          0x00000000080002a8        0x0
 .v4_bx         0x00000000080002a8        0x0 linker stubs

.iplt           0x00000000080002a8        0x0
 .iplt          0x00000000080002a8        0x0 /home/zee/.platformio/packages/toolchain-gccarmnoneeabi@1.70201.0/bin/../lib/gcc/arm-none-eabi/7.2.1/thumb/v7e-m/crtbegin.o

.rel.dyn        0x00000000080002a8        0x0
 .rel.iplt      0x00000000080002a8        0x0 /home/zee/.platformio/packages/toolchain-gccarmnoneeabi@1.70201.0/bin/../lib/gcc/arm-none-eabi/7.2.1/thumb/v7e-m/crtbegin.o

.rodata         0x00000000080002a8        0x0
                0x00000000080002a8                . = ALIGN (0x4)
 *(.rodata)
 *(.rodata*)
                0x00000000080002a8                . = ALIGN (0x4)

.ARM.extab      0x00000000080002a8        0x0
                0x00000000080002a8                . = ALIGN (0x4)
 *(.ARM.extab* .gnu.linkonce.armextab.*)
                0x00000000080002a8                . = ALIGN (0x4)

.ARM            0x00000000080002a8        0x0
                0x00000000080002a8                . = ALIGN (0x4)
                0x00000000080002a8                __exidx_start = .
 *(.ARM.exidx*)
                0x00000000080002a8                __exidx_end = .
                0x00000000080002a8                . = ALIGN (0x4)

.preinit_array  0x00000000080002a8        0x0
                0x00000000080002a8                . = ALIGN (0x4)
                0x00000000080002a8                PROVIDE (__preinit_array_start, .)
 *(.preinit_array*)
                0x00000000080002a8                PROVIDE (__preinit_array_end, .)
                0x00000000080002a8                . = ALIGN (0x4)

.init_array     0x00000000080002a8        0x4
                0x00000000080002a8                . = ALIGN (0x4)
                0x00000000080002a8                PROVIDE (__init_array_start, .)
 *(SORT_BY_NAME(.init_array.*))
 *(.init_array*)
 .init_array    0x00000000080002a8        0x4 /home/zee/.platformio/packages/toolchain-gccarmnoneeabi@1.70201.0/bin/../lib/gcc/arm-none-eabi/7.2.1/thumb/v7e-m/crtbegin.o
                0x00000000080002ac                PROVIDE (__init_array_end, .)
                0x00000000080002ac                . = ALIGN (0x4)

.fini_array     0x00000000080002ac        0x4
                0x00000000080002ac                . = ALIGN (0x4)
                [!provide]                        PROVIDE (__fini_array_start, .)
 *(SORT_BY_NAME(.fini_array.*))
 *(.fini_array*)
 .fini_array    0x00000000080002ac        0x4 /home/zee/.platformio/packages/toolchain-gccarmnoneeabi@1.70201.0/bin/../lib/gcc/arm-none-eabi/7.2.1/thumb/v7e-m/crtbegin.o
                [!provide]                        PROVIDE (__fini_array_end, .)
                0x00000000080002b0                . = ALIGN (0x4)
                0x00000000080002b0                _sidata = LOADADDR (.data)

.data           0x0000000020000000        0x0 load address 0x00000000080002b0
                0x0000000020000000                . = ALIGN (0x4)
                0x0000000020000000                _sdata = .
 *(.data)
 *(.data*)
 *(.RamFunc)
 *(.RamFunc*)
                0x0000000020000000                . = ALIGN (0x4)
                0x0000000020000000                _edata = .

.igot.plt       0x0000000020000000        0x0 load address 0x00000000080002b0
 .igot.plt      0x0000000020000000        0x0 /home/zee/.platformio/packages/toolchain-gccarmnoneeabi@1.70201.0/bin/../lib/gcc/arm-none-eabi/7.2.1/thumb/v7e-m/crtbegin.o
                0x0000000020000000                . = ALIGN (0x4)

.bss            0x0000000020000000       0x1c load address 0x00000000080002b0
                0x0000000020000000                _sbss = .
                0x0000000020000000                __bss_start__ = _sbss
 *(.bss)
 .bss           0x0000000020000000       0x1c /home/zee/.platformio/packages/toolchain-gccarmnoneeabi@1.70201.0/bin/../lib/gcc/arm-none-eabi/7.2.1/thumb/v7e-m/crtbegin.o
 *(.bss*)
 *(COMMON)
                0x000000002000001c                . = ALIGN (0x4)
                0x000000002000001c                _ebss = .
                0x000000002000001c                __bss_end__ = _ebss

._user_heap_stack
                0x000000002000001c      0x604 load address 0x00000000080002b0
                0x0000000020000020                . = ALIGN (0x8)
 *fill*         0x000000002000001c        0x4 
                [!provide]                        PROVIDE (end, .)
                [!provide]                        PROVIDE (_end, .)
                0x0000000020000220                . = (. + _Min_Heap_Size)
 *fill*         0x0000000020000020      0x200 
                0x0000000020000620                . = (. + _Min_Stack_Size)
 *fill*         0x0000000020000220      0x400 
                0x0000000020000620                . = ALIGN (0x8)

.LED_CFG_section
                0x0000000020001000        0x4
                0x0000000020001000                _sLED_CFG_section = .
 *(.LED_CFG_section)
 .LED_CFG_section
                0x0000000020001000        0x4 .pio/build/genericSTM32F401CC/src/main.o
                0x0000000020001000                LED_cfg
 *(.LED_CFG_section*)
                0x0000000020001004                _eLED_CFG_section = .

/DISCARD/
 libc.a(*)
 libm.a(*)
 libgcc.a(*)

.ARM.attributes
                0x0000000000000000       0x2a
 *(.ARM.attributes)
 .ARM.attributes
                0x0000000000000000       0x1e /home/zee/.platformio/packages/toolchain-gccarmnoneeabi@1.70201.0/bin/../lib/gcc/arm-none-eabi/7.2.1/thumb/v7e-m/crti.o
 .ARM.attributes
                0x000000000000001e       0x2e /home/zee/.platformio/packages/toolchain-gccarmnoneeabi@1.70201.0/bin/../lib/gcc/arm-none-eabi/7.2.1/thumb/v7e-m/crtbegin.o
 .ARM.attributes
                0x000000000000004c       0x21 .pio/build/genericSTM32F401CC/FrameworkCMSIS/gcc/startup_stm32f401xc.o
 .ARM.attributes
                0x000000000000006d       0x33 .pio/build/genericSTM32F401CC/FrameworkCMSIS/system_stm32f4xx.o
 .ARM.attributes
                0x00000000000000a0       0x33 .pio/build/genericSTM32F401CC/src/main.o
 .ARM.attributes
                0x00000000000000d3       0x2e /home/zee/.platformio/packages/toolchain-gccarmnoneeabi@1.70201.0/bin/../lib/gcc/arm-none-eabi/7.2.1/../../../../arm-none-eabi/lib/thumb/v7e-m/libc_nano.a(lib_a-init.o)
 .ARM.attributes
                0x0000000000000101       0x1e /home/zee/.platformio/packages/toolchain-gccarmnoneeabi@1.70201.0/bin/../lib/gcc/arm-none-eabi/7.2.1/thumb/v7e-m/crtn.o
OUTPUT(.pio/build/genericSTM32F401CC/firmware.elf elf32-littlearm)

.debug_line     0x0000000000000000      0x444
 .debug_line    0x0000000000000000       0xc2 .pio/build/genericSTM32F401CC/FrameworkCMSIS/gcc/startup_stm32f401xc.o
 .debug_line    0x00000000000000c2      0x255 .pio/build/genericSTM32F401CC/FrameworkCMSIS/system_stm32f4xx.o
 .debug_line    0x0000000000000317      0x12d .pio/build/genericSTM32F401CC/src/main.o

.debug_info     0x0000000000000000      0xc86
 .debug_info    0x0000000000000000       0x22 .pio/build/genericSTM32F401CC/FrameworkCMSIS/gcc/startup_stm32f401xc.o
 .debug_info    0x0000000000000022      0x382 .pio/build/genericSTM32F401CC/FrameworkCMSIS/system_stm32f4xx.o
 .debug_info    0x00000000000003a4      0x8e2 .pio/build/genericSTM32F401CC/src/main.o

.debug_abbrev   0x0000000000000000      0x2df
 .debug_abbrev  0x0000000000000000       0x12 .pio/build/genericSTM32F401CC/FrameworkCMSIS/gcc/startup_stm32f401xc.o
 .debug_abbrev  0x0000000000000012      0x10e .pio/build/genericSTM32F401CC/FrameworkCMSIS/system_stm32f4xx.o
 .debug_abbrev  0x0000000000000120      0x1bf .pio/build/genericSTM32F401CC/src/main.o

.debug_aranges  0x0000000000000000       0x70
 .debug_aranges
                0x0000000000000000       0x28 .pio/build/genericSTM32F401CC/FrameworkCMSIS/gcc/startup_stm32f401xc.o
 .debug_aranges
                0x0000000000000028       0x28 .pio/build/genericSTM32F401CC/FrameworkCMSIS/system_stm32f4xx.o
 .debug_aranges
                0x0000000000000050       0x20 .pio/build/genericSTM32F401CC/src/main.o

.debug_str      0x0000000000000000      0x766
 .debug_str     0x0000000000000000       0xa9 .pio/build/genericSTM32F401CC/FrameworkCMSIS/gcc/startup_stm32f401xc.o
 .debug_str     0x00000000000000a9      0x2dc .pio/build/genericSTM32F401CC/FrameworkCMSIS/system_stm32f4xx.o
                                        0x366 (size before relaxing)
 .debug_str     0x0000000000000385      0x3e1 .pio/build/genericSTM32F401CC/src/main.o
                                        0x555 (size before relaxing)

.debug_ranges   0x0000000000000000       0x48
 .debug_ranges  0x0000000000000000       0x20 .pio/build/genericSTM32F401CC/FrameworkCMSIS/gcc/startup_stm32f401xc.o
 .debug_ranges  0x0000000000000020       0x18 .pio/build/genericSTM32F401CC/FrameworkCMSIS/system_stm32f4xx.o
 .debug_ranges  0x0000000000000038       0x10 .pio/build/genericSTM32F401CC/src/main.o

.debug_loc      0x0000000000000000       0xba
 .debug_loc     0x0000000000000000       0xba .pio/build/genericSTM32F401CC/FrameworkCMSIS/system_stm32f4xx.o

.comment        0x0000000000000000       0x7e
 .comment       0x0000000000000000       0x7e .pio/build/genericSTM32F401CC/FrameworkCMSIS/system_stm32f4xx.o
                                         0x7f (size before relaxing)
 .comment       0x000000000000007e       0x7f .pio/build/genericSTM32F401CC/src/main.o

.debug_frame    0x0000000000000000       0x7c
 .debug_frame   0x0000000000000000       0x30 .pio/build/genericSTM32F401CC/FrameworkCMSIS/system_stm32f4xx.o
 .debug_frame   0x0000000000000030       0x20 .pio/build/genericSTM32F401CC/src/main.o
 .debug_frame   0x0000000000000050       0x2c /home/zee/.platformio/packages/toolchain-gccarmnoneeabi@1.70201.0/bin/../lib/gcc/arm-none-eabi/7.2.1/../../../../arm-none-eabi/lib/thumb/v7e-m/libc_nano.a(lib_a-init.o)
